../Core/Src/main.c:125:6:NHD_Command_2	1
../Core/Src/main.c:131:6:NHD_Command_3	1
../Core/Src/main.c:137:6:displayOn	1
../Core/Src/main.c:141:6:displayOff	1
../Core/Src/main.c:145:6:clearScreen	1
../Core/Src/main.c:149:6:cursorHome	1
../Core/Src/main.c:153:6:underlineOn	1
../Core/Src/main.c:157:6:underlineOff	1
../Core/Src/main.c:161:6:blinkOn	1
../Core/Src/main.c:165:6:blinkOff	1
../Core/Src/main.c:169:6:setCursor	1
../Core/Src/main.c:173:6:setContrast	1
../Core/Src/main.c:177:6:setBrightness	1
../Core/Src/main.c:181:6:shiftLeft	1
../Core/Src/main.c:185:6:shiftRight	1
../Core/Src/main.c:190:6:writeString	1
../Core/Src/main.c:195:6:writeStringFirstLine	1
../Core/Src/main.c:200:6:writeStringSecondLine	1
../Core/Src/main.c:205:6:writeStringThirdLine	1
../Core/Src/main.c:210:6:writeStringFourthLine	1
../Core/Src/main.c:215:6:NHDInit	1
../Core/Src/main.c:225:6:setDistanceDislpay	1
../Core/Src/main.c:230:6:setHapticDisplay	2
../Core/Src/main.c:234:6:setLaserDisplay	2
../Core/Src/main.c:238:6:setSoundDisplay	2
../Core/Src/main.c:242:6:updateBuzzPeriod	2
../Core/Src/main.c:250:6:makeSound	3
../Core/Src/main.c:259:6:stateInit	1
../Core/Src/main.c:270:6:refreshDisplay	1
../Core/Src/main.c:278:6:calculateBuzzPeriod	1
../Core/Src/main.c:285:6:xbee_set_high_api	1
../Core/Src/main.c:307:6:xbee_set_low_api	1
../Core/Src/main.c:325:6:topLEDOn	1
../Core/Src/main.c:329:6:topLEDOff	1
../Core/Src/main.c:333:6:bottomLEDOn	1
../Core/Src/main.c:337:6:bottomLEDOff	1
../Core/Src/main.c:341:6:leftLEDOn	1
../Core/Src/main.c:345:6:leftLEDOff	1
../Core/Src/main.c:349:6:rightLEDOn	1
../Core/Src/main.c:353:6:rightLEDOff	1
../Core/Src/main.c:357:6:soundOn	1
../Core/Src/main.c:361:6:soundOff	1
../Core/Src/main.c:365:6:hapticOn	1
../Core/Src/main.c:369:6:hapticOff	1
../Core/Src/main.c:373:6:laserOn	1
../Core/Src/main.c:377:6:laserOff	1
../Core/Src/main.c:381:6:updateHaptic	6
../Core/Src/main.c:393:6:LEDInit	1
../Core/Src/main.c:400:6:updateLED	6
../Core/Src/main.c:429:6:HAL_GPIO_EXTI_Callback	6
../Core/Src/main.c:453:6:wiiCameraInit	1
../Core/Src/main.c:491:6:wiiCameraRead	11
../Core/Src/main.c:557:6:HAL_TIM_PeriodElapsedCallback	2
../Core/Src/main.c:575:5:main	1
../Core/Src/main.c:633:6:SystemClock_Config	4
../Core/Src/main.c:678:13:MX_I2C1_Init	4
../Core/Src/main.c:726:13:MX_LPUART1_UART_Init	5
../Core/Src/main.c:774:13:MX_TIM2_Init	6
../Core/Src/main.c:833:13:MX_TIM3_Init	4
../Core/Src/main.c:878:13:MX_TIM4_Init	4
../Core/Src/main.c:923:13:MX_TIM5_Init	6
../Core/Src/main.c:982:13:MX_GPIO_Init	1
../Core/Src/main.c:1197:1:__io_putchar	1
../Core/Src/main.c:1208:6:Error_Handler	1
