../Core/Src/main.c:122:6:NHD_Command_2	1
../Core/Src/main.c:128:6:NHD_Command_3	1
../Core/Src/main.c:134:6:displayOn	1
../Core/Src/main.c:138:6:displayOff	1
../Core/Src/main.c:142:6:clearScreen	1
../Core/Src/main.c:146:6:cursorHome	1
../Core/Src/main.c:150:6:underlineOn	1
../Core/Src/main.c:154:6:underlineOff	1
../Core/Src/main.c:158:6:blinkOn	1
../Core/Src/main.c:162:6:blinkOff	1
../Core/Src/main.c:166:6:setCursor	1
../Core/Src/main.c:170:6:setContrast	1
../Core/Src/main.c:174:6:setBrightness	1
../Core/Src/main.c:178:6:shiftLeft	1
../Core/Src/main.c:182:6:shiftRight	1
../Core/Src/main.c:187:6:writeString	1
../Core/Src/main.c:192:6:writeStringFirstLine	1
../Core/Src/main.c:197:6:writeStringSecondLine	1
../Core/Src/main.c:202:6:writeStringThirdLine	1
../Core/Src/main.c:207:6:writeStringFourthLine	1
../Core/Src/main.c:212:6:NHDInit	1
../Core/Src/main.c:222:6:setDistanceDislpay	1
../Core/Src/main.c:227:6:setHapticDisplay	2
../Core/Src/main.c:231:6:setLaserDisplay	2
../Core/Src/main.c:235:6:setSoundDisplay	2
../Core/Src/main.c:239:6:updateBuzzPeriod	2
../Core/Src/main.c:247:6:makeSound	3
../Core/Src/main.c:256:6:makeHaptic	2
../Core/Src/main.c:267:6:stateInit	1
../Core/Src/main.c:278:6:refreshDisplay	1
../Core/Src/main.c:286:6:calculateBuzzPeriod	1
../Core/Src/main.c:292:6:xbee_set_high	1
../Core/Src/main.c:312:6:xbee_set_low	1
../Core/Src/main.c:332:6:topLEDOn	1
../Core/Src/main.c:336:6:topLEDOff	1
../Core/Src/main.c:340:6:bottomLEDOn	1
../Core/Src/main.c:344:6:bottomLEDOff	1
../Core/Src/main.c:348:6:leftLEDOn	1
../Core/Src/main.c:352:6:leftLEDOff	1
../Core/Src/main.c:356:6:rightLEDOn	1
../Core/Src/main.c:360:6:rightLEDOff	1
../Core/Src/main.c:364:6:soundOn	1
../Core/Src/main.c:368:6:soundOff	1
../Core/Src/main.c:372:6:hapticOn	1
../Core/Src/main.c:377:6:hapticOff	1
../Core/Src/main.c:382:6:laserOn	1
../Core/Src/main.c:386:6:laserOff	1
../Core/Src/main.c:390:6:updateHaptic	6
../Core/Src/main.c:401:6:LEDInit	1
../Core/Src/main.c:408:6:updateLED	5
../Core/Src/main.c:431:6:HAL_GPIO_EXTI_Callback	6
../Core/Src/main.c:455:6:wiiCameraInit	1
../Core/Src/main.c:491:6:wiiCameraRead	9
../Core/Src/main.c:562:6:HAL_TIM_PeriodElapsedCallback	2
../Core/Src/main.c:580:5:main	1
../Core/Src/main.c:640:6:SystemClock_Config	4
../Core/Src/main.c:685:13:MX_I2C1_Init	4
../Core/Src/main.c:733:13:MX_LPUART1_UART_Init	5
../Core/Src/main.c:781:13:MX_TIM2_Init	6
../Core/Src/main.c:840:13:MX_TIM3_Init	4
../Core/Src/main.c:885:13:MX_TIM4_Init	6
../Core/Src/main.c:944:13:MX_GPIO_Init	1
../Core/Src/main.c:1159:1:__io_putchar	1
../Core/Src/main.c:1170:6:Error_Handler	1
