../Core/Src/main.c:122:6:NHD_Command_2	32	static
../Core/Src/main.c:128:6:NHD_Command_3	32	static
../Core/Src/main.c:134:6:displayOn	8	static
../Core/Src/main.c:138:6:displayOff	8	static
../Core/Src/main.c:142:6:clearScreen	8	static
../Core/Src/main.c:146:6:cursorHome	8	static
../Core/Src/main.c:150:6:underlineOn	8	static
../Core/Src/main.c:154:6:underlineOff	8	static
../Core/Src/main.c:158:6:blinkOn	8	static
../Core/Src/main.c:162:6:blinkOff	8	static
../Core/Src/main.c:166:6:setCursor	16	static
../Core/Src/main.c:170:6:setContrast	16	static
../Core/Src/main.c:174:6:setBrightness	16	static
../Core/Src/main.c:178:6:shiftLeft	8	static
../Core/Src/main.c:182:6:shiftRight	8	static
../Core/Src/main.c:187:6:writeString	24	static
../Core/Src/main.c:192:6:writeStringFirstLine	16	static
../Core/Src/main.c:197:6:writeStringSecondLine	16	static
../Core/Src/main.c:202:6:writeStringThirdLine	16	static
../Core/Src/main.c:207:6:writeStringFourthLine	16	static
../Core/Src/main.c:212:6:NHDInit	8	static
../Core/Src/main.c:222:6:setDistanceDislpay	16	static
../Core/Src/main.c:227:6:setHapticDisplay	16	static
../Core/Src/main.c:231:6:setLaserDisplay	16	static
../Core/Src/main.c:235:6:setSoundDisplay	16	static
../Core/Src/main.c:239:6:updateBuzzPeriod	16	static
../Core/Src/main.c:247:6:makeSound	16	static
../Core/Src/main.c:256:6:makeHaptic	16	static
../Core/Src/main.c:267:6:stateInit	8	static
../Core/Src/main.c:278:6:refreshDisplay	8	static
../Core/Src/main.c:286:6:calculateBuzzPeriod	16	static
../Core/Src/main.c:292:6:xbee_set_high	40	static
../Core/Src/main.c:312:6:xbee_set_low	40	static
../Core/Src/main.c:332:6:topLEDOn	8	static
../Core/Src/main.c:336:6:topLEDOff	8	static
../Core/Src/main.c:340:6:bottomLEDOn	8	static
../Core/Src/main.c:344:6:bottomLEDOff	8	static
../Core/Src/main.c:348:6:leftLEDOn	8	static
../Core/Src/main.c:352:6:leftLEDOff	8	static
../Core/Src/main.c:356:6:rightLEDOn	8	static
../Core/Src/main.c:360:6:rightLEDOff	8	static
../Core/Src/main.c:364:6:soundOn	8	static
../Core/Src/main.c:368:6:soundOff	8	static
../Core/Src/main.c:372:6:hapticOn	8	static
../Core/Src/main.c:377:6:hapticOff	8	static
../Core/Src/main.c:382:6:laserOn	8	static
../Core/Src/main.c:386:6:laserOff	8	static
../Core/Src/main.c:390:6:updateHaptic	8	static
../Core/Src/main.c:401:6:LEDInit	8	static
../Core/Src/main.c:408:6:updateLED	8	static
../Core/Src/main.c:431:6:HAL_GPIO_EXTI_Callback	16	static
../Core/Src/main.c:455:6:wiiCameraInit	32	static
../Core/Src/main.c:491:6:wiiCameraRead	72	static
../Core/Src/main.c:562:6:HAL_TIM_PeriodElapsedCallback	16	static
../Core/Src/main.c:580:5:main	8	static
../Core/Src/main.c:640:6:SystemClock_Config	96	static
../Core/Src/main.c:685:13:MX_I2C1_Init	8	static
../Core/Src/main.c:733:13:MX_LPUART1_UART_Init	8	static
../Core/Src/main.c:781:13:MX_TIM2_Init	64	static
../Core/Src/main.c:840:13:MX_TIM3_Init	40	static
../Core/Src/main.c:885:13:MX_TIM4_Init	64	static
../Core/Src/main.c:944:13:MX_GPIO_Init	64	static
../Core/Src/main.c:1159:1:__io_putchar	16	static
../Core/Src/main.c:1170:6:Error_Handler	4	static,ignoring_inline_asm
